Traceback (most recent call last):
  File "F:\\u0111ai l² s\u01a1n phßt t\u1ea5n 1\manage.py", line 11, in main
    from django.core.management import execute_from_command_line
ModuleNotFoundError: No module named 'django'

The above exception was the direct cause of the following exception:

Traceback (most recent call last):
  File "F:\\u0111ai l² s\u01a1n phßt t\u1ea5n 1\manage.py", line 22, in <module>
    main()
    ~~~~^^
  File "F:\\u0111ai l² s\u01a1n phßt t\u1ea5n 1\manage.py", line 13, in main
    raise ImportError(
    ...<3 lines>...
    ) from exc
ImportError: Couldn't import Django. Are you sure it's installed and available on your PYTHONPATH environment variable? Did you forget to activate a virtual environment?
